\BOOKMARK [1][-]{section.1}{\376\377\000E\000n\000c\000o\000n\000t\000r\000o\000\040\0001\000\040\000-\000\040\0000\0008\000\040\000d\000e\000\040\000j\000u\000l\000h\000o\000\040\000d\000e\000\040\0002\0000\0002\0005}{}% 1
\BOOKMARK [2][-]{subsection.1.1}{\376\377\000I\000n\000t\000e\000r\000v\000a\000l\000o\000s}{section.1}% 2
\BOOKMARK [2][-]{subsection.1.2}{\376\377\000O\000p\000e\000r\000a\000\347\000\365\000e\000s\000\040\000c\000o\000m\000\040\000f\000r\000a\000\347\000\365\000e\000s}{section.1}% 3
\BOOKMARK [2][-]{subsection.1.3}{\376\377\000F\000u\000n\000\347\000\365\000e\000s\000\040\000d\000e\000\040\000u\000m\000a\000\040\000v\000a\000r\000i\000\341\000v\000e\000l\000\040\000r\000e\000a\000l}{section.1}% 4
\BOOKMARK [3][-]{subsubsection.1.3.1}{\376\377\000R\000e\000c\000o\000n\000h\000e\000c\000e\000n\000d\000o\000\040\000f\000u\000n\000\347\000\365\000e\000s\000\040\000a\000\040\000p\000a\000r\000t\000i\000r\000\040\000d\000e\000\040\000e\000x\000e\000m\000p\000l\000o\000s\000.}{subsection.1.3}% 5
\BOOKMARK [3][-]{subsubsection.1.3.2}{\376\377\000R\000e\000c\000o\000n\000h\000e\000c\000e\000n\000d\000o\000\040\000o\000\040\000d\000o\000m\000\355\000n\000i\000o\000,\000\040\000c\000o\000n\000t\000r\000a\000d\000o\000m\000\355\000n\000i\000o\000\040\000e\000\040\000i\000m\000a\000g\000e\000m\000\040\000d\000e\000\040\000f\000u\000n\000\347\000\365\000e\000s\000.}{subsection.1.3}% 6
\BOOKMARK [3][-]{subsubsection.1.3.3}{\376\377\000U\000m\000a\000\040\000f\000u\000n\000\347\000\343\000o\000\040\000e\000s\000p\000e\000c\000i\000a\000l\000:\000\040\000a\000\040\000f\000u\000n\000\347\000\343\000o\000\040\000c\000o\000n\000s\000t\000a\000n\000t\000e\000.}{subsection.1.3}% 7
\BOOKMARK [3][-]{subsubsection.1.3.4}{\376\377\000O\000\040\000p\000l\000a\000n\000o\000\040\000c\000a\000r\000t\000e\000s\000i\000a\000n\000o}{subsection.1.3}% 8
\BOOKMARK [2][-]{subsection.1.4}{\376\377\000R\000e\000s\000o\000l\000v\000e\000n\000d\000o\000\040\000e\000x\000e\000r\000c\000\355\000c\000i\000o\000s}{section.1}% 9
\BOOKMARK [1][-]{section.2}{\376\377\000E\000n\000c\000o\000n\000t\000r\000o\000\040\0002\000\040\000-\000\040\0001\0000\000\040\000d\000e\000\040\000j\000u\000l\000h\000o\000\040\000d\000e\000\040\0002\0000\0002\0005}{}% 10
\BOOKMARK [2][-]{subsection.2.1}{\376\377\000F\000u\000n\000\347\000\343\000o\000\040\000a\000f\000i\000m}{section.2}% 11
\BOOKMARK [3][-]{subsubsection.2.1.1}{\376\377\000A\000n\000a\000l\000i\000s\000a\000n\000d\000o\000\040\000o\000\040\000c\000o\000e\000f\000i\000c\000i\000e\000n\000t\000e\000\040\000a\000n\000g\000u\000l\000a\000r\000.}{subsection.2.1}% 12
\BOOKMARK [2][-]{subsection.2.2}{\376\377\000F\000u\000n\000\347\000\343\000o\000\040\000q\000u\000a\000d\000r\000\341\000t\000i\000c\000a}{section.2}% 13
\BOOKMARK [3][-]{subsubsection.2.2.1}{\376\377\000A\000n\000a\000l\000i\000s\000a\000n\000d\000o\000\040\000o\000\040\000c\000o\000m\000p\000o\000r\000t\000a\000m\000e\000n\000t\000o\000\040\000d\000a\000\040\000f\000u\000n\000\347\000\343\000o}{subsection.2.2}% 14
\BOOKMARK [3][-]{subsubsection.2.2.2}{\376\377\000A\000n\000a\000l\000i\000s\000a\000n\000d\000o\000\040\000o\000\040\000d\000i\000s\000c\000r\000i\000m\000i\000n\000a\000n\000t\000e\000\040\000\050\000\051}{subsection.2.2}% 15
\BOOKMARK [3][-]{subsubsection.2.2.3}{\376\377\000A\000n\000a\000l\000i\000s\000a\000n\000d\000o\000\040\000a\000\040\000c\000o\000n\000c\000a\000v\000i\000d\000a\000d\000e\000\040\000\050\000a\000\040\000>\000\040\0000\000,\000\040\000a\000\040\000<\000\040\0000\000\051\000.}{subsection.2.2}% 16
\BOOKMARK [2][-]{subsection.2.3}{\376\377\000F\000u\000n\000\347\000\343\000o\000\040\000p\000o\000l\000i\000n\000o\000m\000i\000a\000l}{section.2}% 17
\BOOKMARK [2][-]{subsection.2.4}{\376\377\000F\000u\000n\000\347\000\365\000e\000s\000\040\000r\000a\000c\000i\000o\000n\000a\000i\000s}{section.2}% 18
\BOOKMARK [2][-]{subsection.2.5}{\376\377\000F\000u\000n\000\347\000\343\000o\000\040\000e\000x\000p\000o\000n\000e\000n\000c\000i\000a\000l}{section.2}% 19
\BOOKMARK [2][-]{subsection.2.6}{\376\377\000F\000u\000n\000\347\000\343\000o\000\040\000l\000o\000g\000a\000r\000\355\000t\000m\000i\000c\000a}{section.2}% 20
\BOOKMARK [2][-]{subsection.2.7}{\376\377\000R\000e\000s\000o\000l\000v\000e\000n\000d\000o\000\040\000e\000x\000e\000r\000c\000\355\000c\000i\000o\000s}{section.2}% 21
\BOOKMARK [1][-]{section.3}{\376\377\000E\000n\000c\000o\000n\000t\000r\000o\000\040\0003\000\040\000-\000\040\0001\0001\000\040\000d\000e\000\040\000j\000u\000l\000h\000o\000\040\000d\000e\000\040\0002\0000\0002\0005}{}% 22
\BOOKMARK [2][-]{subsection.3.1}{\376\377\000M\000\363\000d\000u\000l\000o}{section.3}% 23
\BOOKMARK [3][-]{subsubsection.3.1.1}{\376\377\000U\000m\000a\000\040\000c\000o\000m\000p\000a\000r\000a\000\347\000\343\000o\000\040\000v\000i\000s\000u\000a\000l\000\040\000e\000n\000t\000r\000e\000\040\000a\000\040\000f\000u\000n\000\347\000\343\000o\000\040\000f\000\050\000x\000\051\000\040\000=\000\040\000x\0002\000-\0006\000x\000+\0008\000\040\000e\000\040\000|\000\050\000x\000-\0002\000\051\000\050\000x\000-\0004\000\051\000|\000.}{subsection.3.1}% 24
\BOOKMARK [2][-]{subsection.3.2}{\376\377\000F\000u\000n\000\347\000\365\000e\000s\000\040\000c\000o\000m\000p\000o\000s\000t\000a\000s}{section.3}% 25
\BOOKMARK [3][-]{subsubsection.3.2.1}{\376\377\000A\000n\000a\000l\000i\000s\000a\000n\000d\000o\000\040\000o\000\040\000d\000o\000m\000\355\000n\000i\000o\000\040\000d\000a\000s\000\040\000f\000u\000n\000\347\000\365\000e\000s\000\040\000c\000o\000m\000p\000o\000s\000t\000a\000s\000.}{subsection.3.2}% 26
\BOOKMARK [2][-]{subsection.3.3}{\376\377\000R\000e\000v\000i\000s\000\343\000o\000\040\000d\000e\000\040\000c\000o\000n\000c\000e\000i\000t\000o\000s\000\040\000d\000e\000\040\000g\000e\000o\000m\000e\000t\000r\000i\000a\000\040\000a\000n\000a\000l\000\355\000t\000i\000c\000a}{section.3}% 27
\BOOKMARK [3][-]{subsubsection.3.3.1}{\376\377\000A\000\040\000d\000i\000s\000t\000\342\000n\000c\000i\000a\000\040\000e\000n\000t\000r\000e\000\040\000d\000o\000i\000s\000\040\000p\000o\000n\000t\000o\000s\000\040\000n\000o\000\040\000p\000l\000a\000n\000o\000\040\000c\000a\000r\000t\000e\000s\000i\000a\000n\000o\000.}{subsection.3.3}% 28
\BOOKMARK [3][-]{subsubsection.3.3.2}{\376\377\000C\000a\000l\000c\000u\000l\000a\000n\000d\000o\000\040\000a\000\040\000i\000n\000c\000l\000i\000n\000a\000\347\000\343\000o\000\040\000d\000a\000\040\000r\000e\000t\000a}{subsection.3.3}% 29
\BOOKMARK [3][-]{subsubsection.3.3.3}{\376\377\000A\000\040\000d\000i\000s\000t\000\342\000n\000c\000i\000a\000\040\000e\000n\000t\000r\000e\000\040\000q\000u\000a\000l\000q\000u\000e\000r\000\040\000p\000o\000n\000t\000o\000\040\000n\000o\000\040\000p\000l\000a\000n\000o\000\040\000e\000\040\000o\000\040\000c\000e\000n\000t\000r\000o\000\040\000d\000e\000\040\000u\000m\000a\000\040\000c\000i\000r\000c\000u\000n\000f\000e\000r\000\352\000n\000c\000i\000a\000.}{subsection.3.3}% 30
\BOOKMARK [2][-]{subsection.3.4}{\376\377\000R\000e\000v\000i\000s\000\343\000o\000\040\000d\000e\000\040\000o\000u\000t\000r\000o\000s\000\040\000c\000o\000n\000c\000e\000i\000t\000o\000s\000\040\000d\000e\000\040\000t\000r\000i\000g\000o\000n\000o\000m\000e\000t\000r\000i\000a}{section.3}% 31
\BOOKMARK [3][-]{subsubsection.3.4.1}{\376\377\000Q\000u\000a\000n\000t\000o\000s\000\040\000r\000a\000d\000i\000a\000n\000o\000s\000\040\000h\000\341\000\040\000e\000m\000\040\000u\000m\000a\000\040\000c\000i\000r\000c\000u\000n\000f\000e\000r\000\352\000n\000c\000i\000a\000?}{subsection.3.4}% 32
\BOOKMARK [3][-]{subsubsection.3.4.2}{\376\377\000C\000o\000n\000v\000e\000r\000s\000\343\000o\000\040\000d\000e\000\040\000\342\000n\000g\000u\000l\000o\000s}{subsection.3.4}% 33
\BOOKMARK [2][-]{subsection.3.5}{\376\377\000R\000e\000s\000o\000l\000v\000e\000n\000d\000o\000\040\000e\000x\000e\000r\000c\000\355\000c\000i\000o\000s}{section.3}% 34
\BOOKMARK [1][-]{section.4}{\376\377\000E\000n\000c\000o\000n\000t\000r\000o\000\040\0004\000\040\000-\000\040\0001\0004\000\040\000d\000e\000\040\000j\000u\000l\000h\000o\000\040\000d\000e\000\040\0002\0000\0002\0005}{}% 35
\BOOKMARK [2][-]{subsection.4.1}{\376\377\000C\000o\000n\000t\000i\000n\000u\000i\000d\000a\000d\000e\000\040\000d\000e\000\040\000f\000u\000n\000\347\000\365\000e\000s}{section.4}% 36
\BOOKMARK [3][-]{subsubsection.4.1.1}{\376\377\000A\000p\000r\000o\000x\000i\000m\000a\000\347\000\365\000e\000s\000\040\000p\000e\000l\000a\000\040\000e\000s\000q\000u\000e\000r\000d\000a\000\040\000o\000u\000\040\000d\000i\000r\000e\000i\000t\000a\000\040\000d\000e\000\040\000u\000m\000\040\000p\000o\000n\000t\000o\000\040\000x}{subsection.4.1}% 37
\BOOKMARK [2][-]{subsection.4.2}{\376\377\000L\000i\000m\000i\000t\000e\000s\000\040\000d\000e\000\040\000f\000u\000n\000\347\000\365\000e\000s}{section.4}% 38
\BOOKMARK [2][-]{subsection.4.3}{\376\377\000R\000e\000s\000u\000m\000o\000\040\000d\000e\000\040\000f\000u\000n\000\347\000\365\000e\000s\000\040\000c\000o\000n\000t\000\355\000n\000u\000a\000s}{section.4}% 39
\BOOKMARK [2][-]{subsection.4.4}{\376\377\000R\000e\000s\000o\000l\000v\000e\000n\000d\000o\000\040\000e\000x\000e\000r\000c\000\355\000c\000i\000o\000s}{section.4}% 40
\BOOKMARK [1][-]{section.5}{\376\377\000E\000n\000c\000o\000n\000t\000r\000o\000\040\0005\000\040\000-\000\040\0001\0005\000\040\000d\000e\000\040\000j\000u\000l\000h\000o\000\040\000d\000e\000\040\0002\0000\0002\0005}{}% 41
\BOOKMARK [2][-]{subsection.5.1}{\376\377\000D\000e\000r\000i\000v\000a\000d\000a\000s}{section.5}% 42
\BOOKMARK [3][-]{subsubsection.5.1.1}{\376\377\000A\000\040\000d\000e\000r\000i\000v\000a\000d\000a\000\040\000c\000o\000m\000o\000\040\000u\000m\000\040\000l\000i\000m\000i\000t\000e}{subsection.5.1}% 43
\BOOKMARK [3][-]{subsubsection.5.1.2}{\376\377\000A\000\040\000e\000q\000u\000a\000\347\000\343\000o\000\040\000d\000a\000\040\000r\000e\000t\000a}{subsection.5.1}% 44
\BOOKMARK [3][-]{subsubsection.5.1.3}{\376\377\000R\000e\000g\000r\000a\000s\000\040\000d\000e\000\040\000d\000e\000r\000i\000v\000a\000\347\000\343\000o}{subsection.5.1}% 45
\BOOKMARK [3][-]{subsubsection.5.1.4}{\376\377\000T\000a\000b\000e\000l\000a\000\040\000d\000e\000\040\000d\000e\000r\000i\000v\000a\000\347\000\343\000o}{subsection.5.1}% 46
\BOOKMARK [3][-]{subsubsection.5.1.5}{\376\377\000L\000i\000s\000t\000a\000\040\000d\000e\000\040\000d\000e\000r\000i\000v\000a\000\347\000\343\000o}{subsection.5.1}% 47
\BOOKMARK [2][-]{subsection.5.2}{\376\377\000R\000e\000s\000o\000l\000v\000e\000n\000d\000o\000\040\000E\000x\000e\000r\000c\000\355\000c\000i\000o\000s}{section.5}% 48
\BOOKMARK [1][-]{section.6}{\376\377\000E\000n\000c\000o\000n\000t\000r\000o\000\040\0006\000\040\000-\000\040\0001\0006\000\040\000d\000e\000\040\000j\000u\000l\000h\000o\000\040\000d\000e\000\040\0002\0000\0002\0005}{}% 49
\BOOKMARK [2][-]{subsection.6.1}{\376\377\000R\000e\000g\000r\000a\000\040\000d\000a\000\040\000c\000a\000d\000e\000i\000a\000\040\000p\000a\000r\000a\000\040\000d\000e\000r\000i\000v\000a\000\347\000\343\000o\000\040\000d\000e\000\040\000f\000u\000n\000\347\000\365\000e\000s\000\040\000c\000o\000m\000p\000o\000s\000t\000a\000s}{section.6}% 50
\BOOKMARK [2][-]{subsection.6.2}{\376\377\000P\000r\000o\000p\000r\000i\000e\000d\000a\000d\000e\000s\000\040\000d\000a\000s\000\040\000d\000e\000r\000i\000v\000a\000d\000a\000s\000\040\000e\000\040\000e\000s\000t\000u\000d\000o\000\040\000d\000a\000\040\000v\000a\000r\000i\000a\000\347\000\343\000o\000\040\000d\000e\000\040\000f\000u\000n\000\347\000\365\000e\000s}{section.6}% 51
\BOOKMARK [2][-]{subsection.6.3}{\376\377\000R\000e\000s\000o\000l\000v\000e\000n\000d\000o\000\040\000E\000x\000e\000r\000c\000\355\000c\000i\000o\000s}{section.6}% 52
\BOOKMARK [1][-]{section.7}{\376\377\000E\000n\000c\000o\000n\000t\000r\000o\000\040\0007\000\040\000-\000\040\0001\0007\000\040\000d\000e\000\040\000j\000u\000l\000h\000o\000\040\000d\000e\000\040\0002\0000\0002\0005}{}% 53
\BOOKMARK [2][-]{subsection.7.1}{\376\377\000I\000n\000t\000e\000g\000r\000a\000i\000s}{section.7}% 54
\BOOKMARK [3][-]{subsubsection.7.1.1}{\376\377\000P\000r\000i\000m\000i\000t\000i\000v\000a\000s}{subsection.7.1}% 55
\BOOKMARK [3][-]{subsubsection.7.1.2}{\376\377\000O\000\040\000T\000e\000o\000r\000e\000m\000a\000\040\000F\000u\000n\000d\000a\000m\000e\000n\000t\000a\000l\000\040\000d\000o\000\040\000C\000\341\000l\000c\000u\000l\000o\000\040\000\050\000T\000F\000C\000\051}{subsection.7.1}% 56
\BOOKMARK [3][-]{subsubsection.7.1.3}{\376\377\000P\000r\000o\000p\000r\000i\000e\000d\000a\000d\000e\000s\000\040\000d\000a\000s\000\040\000i\000n\000t\000e\000g\000r\000a\000i\000s}{subsection.7.1}% 57
\BOOKMARK [2][-]{subsection.7.2}{\376\377\000T\000\351\000c\000n\000i\000c\000a\000s\000\040\000d\000e\000\040\000i\000n\000t\000e\000g\000r\000a\000\347\000\343\000o}{section.7}% 58
\BOOKMARK [3][-]{subsubsection.7.2.1}{\376\377\000T\000\351\000c\000n\000i\000c\000a\000\040\000d\000e\000\040\000s\000u\000b\000s\000t\000i\000t\000u\000i\000\347\000\343\000o}{subsection.7.2}% 59
\BOOKMARK [2][-]{subsection.7.3}{\376\377\000R\000e\000s\000o\000l\000v\000e\000n\000d\000o\000\040\000E\000x\000e\000r\000c\000\355\000c\000i\000o\000s}{section.7}% 60
\BOOKMARK [1][-]{section.8}{\376\377\000E\000n\000c\000o\000n\000t\000r\000o\000\040\0008\000\040\000-\000\040\0001\0008\000\040\000d\000e\000\040\000j\000u\000l\000h\000o\000\040\000d\000e\000\040\0002\0000\0002\0005}{}% 61
\BOOKMARK [2][-]{subsection.8.1}{\376\377\000C\000o\000n\000t\000i\000n\000u\000a\000\347\000\343\000o\000\040\000d\000a\000s\000\040\000t\000\351\000c\000n\000i\000c\000a\000s\000\040\000d\000e\000\040\000i\000n\000t\000e\000g\000r\000a\000\347\000\343\000o}{section.8}% 62
\BOOKMARK [3][-]{subsubsection.8.1.1}{\376\377\000I\000n\000t\000e\000g\000r\000a\000\347\000\343\000o\000\040\000p\000o\000r\000\040\000p\000a\000r\000t\000e\000s}{subsection.8.1}% 63
\BOOKMARK [2][-]{subsection.8.2}{\376\377\000A\000p\000l\000i\000c\000a\000\347\000\365\000e\000s\000\040\000p\000r\000\341\000t\000i\000c\000a\000s\000\040\000d\000a\000s\000\040\000i\000n\000t\000e\000g\000r\000a\000i\000s}{section.8}% 64
\BOOKMARK [3][-]{subsubsection.8.2.1}{\376\377\000E\000x\000e\000r\000c\000\355\000c\000i\000o\000\040\0001}{subsection.8.2}% 65
\BOOKMARK [3][-]{subsubsection.8.2.2}{\376\377\000E\000x\000e\000r\000c\000\355\000c\000i\000o\000\040\0002}{subsection.8.2}% 66
\BOOKMARK [3][-]{subsubsection.8.2.3}{\376\377\000E\000x\000e\000r\000c\000\355\000c\000i\000o\000\040\0003}{subsection.8.2}% 67
\BOOKMARK [3][-]{subsubsection.8.2.4}{\376\377\000S\000\363\000l\000i\000d\000o\000s\000\040\000d\000e\000\040\000r\000e\000v\000o\000l\000u\000\347\000\343\000o}{subsection.8.2}% 68
\BOOKMARK [3][-]{subsubsection.8.2.5}{\376\377\000E\000x\000e\000r\000c\000\355\000c\000i\000o\000\040\0004}{subsection.8.2}% 69
\BOOKMARK [3][-]{subsubsection.8.2.6}{\376\377\000E\000x\000e\000r\000c\000\355\000c\000i\000o\000\040\0005}{subsection.8.2}% 70
\BOOKMARK [3][-]{subsubsection.8.2.7}{\376\377\000E\000x\000e\000r\000c\000\355\000c\000i\000o\000\040\0006}{subsection.8.2}% 71
\BOOKMARK [2][-]{subsection.8.3}{\376\377\000I\000n\000t\000e\000g\000r\000a\000i\000s\000\040\000i\000m\000p\000r\000\363\000p\000r\000i\000a\000s}{section.8}% 72
